+- Sync issues (2) ----------------------------------------------------------------------------------------------------+
|> Add signing keys  status change  0 s ago                                                                            |
|    wrike: 404 Task not found                                                                                         |
|  Rotate rate limit test  time entry 1.0 h on 2026-08-26  0 s ago                                                     |
|                                                                                                                      |
|                                                                                                                      |
|                                                                                                                      |
|                                                                                                                      |
|                                                                                                                      |
|                                                                                                                      |
|                                                                                                                      |
|                                                                                                                      |
|                                                                                                                      |
|                                                                                                                      |
|                                                                                                                      |
|                                                                                                                      |
|                                                                                                                      |
|                                                                                                                      |
|                                                                                                                      |
|                                                                                                                      |
|                                                                                                                      |
|                                                                                                                      |
|                                                                                                                      |
|                                                                                                                      |
|                                                                                                                      |
|                                                                                                                      |
|                                                                                                                      |
|                                                                                                                      |
|                                                                                                                      |
|                                                                                                                      |
|                                                                                                                      |
|                                                                                                                      |
|                                                                                                                      |
|                                                                                                                      |
|                                                                                                                      |
|                                                                                                                      |
|                                                                                                                      |
|                                                                                                                      |
+----------------------------------------------------------------------------------------------------------------------+
 demo  * synced 0 s ago  1 pending  2 failed                                   r retry  x discard  enter open  esc back 