+- Sync issues (2) ----------------------------------------------------------------------------------------------------+
|> Add signing keys  status change  6 Sep                                                                              |
|    wrike: 404 Task not found                                                                                         |
|  Rotate rate limit test  time entry 1.0 h on 2026-08-26  6 Sep                                                       |
|                                                                                                                      |
|                                                                                                                      |
|                                                                                                                      |
|                                                                                                                      |
|                                                                                                                      |
|                                                                                                                      |
|                                                                                                                      |
|                                                                                                                      |
|                                                                                                                      |
|                                                                                                                      |
|                                                                                                                      |
|                                                                                                                      |
|                                                                                                                      |
|                                                                                                                      |
|                                                                                                                      |
|                                                                                                                      |
|                                                                                                                      |
|                                                                                                                      |
|                                                                                                                      |
|                                                                                                                      |
|                                                                                                                      |
|                                                                                                                      |
|                                                                                                                      |
|                                                                                                                      |
|                                                                                                                      |
|                                                                                                                      |
|                                                                                                                      |
|                                                                                                                      |
|                                                                                                                      |
|                                                                                                                      |
|                                                                                                                      |
|                                                                                                                      |
|                                                                                                                      |
|                                                                                                                      |
+----------------------------------------------------------------------------------------------------------------------+
 demo  * synced 0 s ago                                                        r retry  x discard  enter open  esc back 