+- Board: My tasks, by assignee (42) --------------------------------------------------------------------------------------------------------------------------+
|Backlog (0)  In progress (11)                    In review (7)                       Blocked (6)                         Later (6)                            |
|-- Ada Nowak (me) (30) ---------------------------------------------------------------------------------------------------------------------------------------|
|               Remove auth retry loop              Rotate signing keys               > Document auth retry loop            Bump error codes                   |
|               AN                         today    AN+                        2 Sep  > AN+                       29 Aug    AN                           Mon   |
|               Bump signing keys                   Document rate limit test            Refactor signing keys               Investigate sync cursor            |
|               AN                         today    AN+                        2 Sep    AN+                       29 Aug    AN                           Mon   |
|               Investigate rate limit test         Refactor error codes                Remove rate limit test              Design legacy config loader        |
|               AN                         today    AN+                        2 Sep    AN+                       29 Aug    AN                           Mon   |
|               Design error codes                  Remove sync cursor                  Fix search ranking                  Write tests for dependencies       |
|               AN                         today    AN+                        2 Sep    AN+                          Wed    AN                           Mon   |
|               Write tests for sync cursor         Bump legacy config loader           Add timesheet export                Fix onboarding flow                |
|               AN                         today    AN+                        2 Sep    AN+                          Wed    AN                           Mon   |
|               Refactor dark theme                 Investigate dependencies            Rotate dark theme                   Add search ranking                 |
|               AN                        14 Sep    AN+                        2 Sep    AN+                          Wed    AN                           Mon   |
|               Fix auth retry loop                 Add signing keys                                                                                           |
|               AN  ~                         --    AN  !                         --                                                                           |
|               Rotate rate limit test                                                                                                                         |
|               AN  !                         --                                                                                                               |
|               Document error codes                                                                                                                           |
|               AN                            --                                                                                                               |
|               Refactor sync cursor                                                                                                                           |
|               AN                            --                                                                                                               |
|               Remove legacy config loader                                                                                                                    |
|               AN                            --                                                                                                               |
|-- Celina Wrona (12) -----------------------------------------------------------------------------------------------------------------------------------------|
|                                                   Rotate signing keys                 Document auth retry loop                                               |
|                                                   AN+                        2 Sep    AN+                       29 Aug                                       |
|                                                   Document rate limit test            Refactor signing keys                                                  |
|                                                   AN+                        2 Sep    AN+                       29 Aug                                       |
|                                                   Refactor error codes                Remove rate limit test                                                 |
|                                                   AN+                        2 Sep    AN+                       29 Aug                                       |
|                                                   Remove sync cursor                  Fix search ranking                                                     |
|                                                   AN+                        2 Sep    AN+                          Wed                                       |
|                                                   Bump legacy config loader           Add timesheet export                                                   |
|                                                   AN+                        2 Sep    AN+                          Wed                                       |
|                                                   Investigate dependencies            Rotate dark theme                                                      |
|                                                   AN+                        2 Sep    AN+                          Wed                                       |
+--------------------------------------------------------------------------------------------------------------------------------------------------------------+
 demo  * synced 0 s ago  1 pending  2 failed             h previous column  l next column  L next status  enter open  b board / list  v group by  tab next pane 