+- Board: My tasks (30) ---------------------------------------------+
|< 2 In review (7)        Blocked (6)         Later (6)              |
|      Rotate signing     > Document auth       Bump error codes     |
|      keys               > retry loop            AN         Mon     |
|        AN+       2 Sep  >   AN+     29 Aug                         |
|                                               Investigate sync     |
|      Document rate        Refactor signing    cursor               |
|      limit test           keys                  AN         Mon     |
|      ! AN+       2 Sep      AN+     29 Aug                         |
|                                               Design legacy        |
|      Refactor error       Remove rate         config loader        |
|      codes                limit test            AN         Mon     |
|        AN+       2 Sep      AN+     29 Aug                         |
|                                               Write tests for      |
|      Remove sync          Fix search          dependencies         |
|      cursor               ranking             ! AN         Mon     |
|        AN+       2 Sep      AN+        Wed                         |
|                                               Fix onboarding       |
|      Bump legacy          Add timesheet       flow                 |
|      config loader        export                AN         Mon     |
|        AN+       2 Sep      AN+        Wed                         |
|                                               Add search           |
|      Investigate          Rotate dark         ranking              |
|      dependencies         theme                 AN         Mon     |
|        AN+       2 Sep      AN+        Wed                         |
|                                                                    |
|      Add signing keys                                              |
|        AN  !        --                                             |
|                                                                    |
|                                                                    |
|                                                                    |
|                                                                    |
|                                                                    |
|                                                                    |
|                                                                    |
|                                                                    |
|                                                                    |
|                                                                    |
+--------------------------------------------------------------------+
 demo  * synced 0 s ago  1 pending  2 failed        h previous column 