+- Spaces -------------++- Tasks: Mobile / Wishlist (0) ------------------------------------------++- Task ----------------------------------------------------+
|  My tasks         30 ||                                                                         ||Select a task.                                             |
|  v Mobile            ||                                                                         ||                                                           |
|    o iOS app         ||                                                                         ||                                                           |
|>     Wishlist        ||                                                                         ||                                                           |
|  v Platform          ||                                                                         ||                                                           |
|    o API             ||                                                                         ||                                                           |
|      Design system   ||                                                                         ||                                                           |
|    > Infra           ||                                                                         ||                                                           |
|    o Web             ||                                                                         ||                                                           |
|                      ||                                                                         ||                                                           |
|                      ||                                                                         ||                                                           |
|                      ||                                                                         ||                                                           |
|                      ||                                                                         ||                                                           |
|                      ||                                                                         ||                                                           |
|                      ||                                                                         ||                                                           |
|                      ||                                                                         ||                                                           |
|                      ||                                                                         ||                                                           |
|                      ||                                                                         ||                                                           |
|                      ||                                                                         ||                                                           |
|                      ||                                                                         ||                                                           |
|                      ||                                                                         ||                                                           |
|                      ||                                                                         ||                                                           |
|                      ||                                                                         ||                                                           |
|                      ||                                                                         ||                                                           |
|                      ||                                                                         ||                                                           |
|                      ||                                                                         ||                                                           |
|                      ||                                                                         ||                                                           |
|                      ||                                                                         ||                                                           |
|                      ||                                                                         ||                                                           |
|                      ||                                                                         ||                                                           |
|                      ||                                                                         ||                                                           |
|                      ||                                                                         ||                                                           |
|                      ||                                                                         ||                                                           |
|                      ||                                                                         ||                                                           |
|                      ||                                                                         ||                                                           |
|                      ||                                                                         ||                                                           |
|                      ||                                                                         ||                                                           |
+----------------------++-------------------------------------------------------------------------++-----------------------------------------------------------+
 demo  * synced 0 s ago  1 pending  2 failed                                                                       tab next pane  ctrl+f search  ? help  q quit 