+- Spaces -----------------++- Tasks ---------------------------------------------------------------++- Task --------------------------------------------------+
|                          ||                                                                       ||                                                         |
|                          ||                                                                       ||                                                         |
|                          ||                                                                       ||                                                         |
|                          ||                                                                       ||                                                         |
|                          ||                                                                       ||                                                         |
|                          ||                                                                       ||                                                         |
|                          ||                                                                       ||                                                         |
|                          ||                                                                       ||                                                         |
|                          ||                                                                       ||                                                         |
|                          ||                                                                       ||                                                         |
|                          ||                                                                       ||                                                         |
|                          ||                                                                       ||                                                         |
|                          ||                                                                       ||                                                         |
|                          ||                                                                       ||                                                         |
|                          ||                                                                       ||                                                         |
|                          ||                                                                       ||                                                         |
|                          ||                                                                       ||                                                         |
|                          ||                                                                       ||                                                         |
|                          ||                                                                       ||                                                         |
|                          ||                                                                       ||                                                         |
|                          ||                                                                       ||                                                         |
|                          ||                                                                       ||                                                         |
|                          ||                                                                       ||                                                         |
|                          ||                                                                       ||                                                         |
|                          ||                                                                       ||                                                         |
|                          ||                                                                       ||                                                         |
|                          ||                                                                       ||                                                         |
+--------------------------++-----------------------------------------------------------------------++---------------------------------------------------------+
 demo  * synced 0 s ago                                                                                                           tab next pane  ? help  q quit 